// Jest Snapshot v1, https://goo.gl/fbAQLP

exports[`index should inject effects middleware 1`] = `
Array [
  Object {
    "done": false,
    "value": "foo",
  },
  Object {
    "raw": Object {
      "done": false,
      "value": Object {
        "@@redux-saga/IO": true,
        "CALL": true,
      },
    },
    "value": Object {
      "first": "mock",
    },
  },
  Object {
    "done": false,
    "value": Object {
      "first": "mock",
    },
  },
  Object {
    "done": true,
    "value": undefined,
  },
]
`;
